// Jest Snapshot v1, https://goo.gl/fbAQLP

exports[`<SubRightsItem /> Tests should match snapshot 1`] = `
<View
  accessible={true}
  focusable={true}
  onClick={[Function]}
  onResponderGrant={[Function]}
  onResponderMove={[Function]}
  onResponderRelease={[Function]}
  onResponderTerminate={[Function]}
  onResponderTerminationRequest={[Function]}
  onStartShouldSetResponder={[Function]}
  style={
    Object {
      "alignItems": "center",
      "backgroundColor": "#FFF6EB",
      "borderRadius": 8,
      "elevation": 3,
      "margin": 7,
      "opacity": 1,
      "padding": 15,
      "shadowOffset": Object {
        "height": 5,
        "width": 2,
      },
      "shadowOpacity": 0.25,
    }
  }
  testID="subItem"
>
  <View
    style={
      Object {
        "alignItems": "center",
        "flex": 1,
        "flexDirection": "row",
        "justifyContent": "space-between",
        "width": "100%",
      }
    }
  >
    <Image
      source={1}
      style={
        Object {
          "height": 30,
          "width": 30,
        }
      }
    />
    <View
      style={
        Object {
          "maxWidth": "80%",
        }
      }
    >
      <Text
        style={
          Object {
            "fontSize": 16,
            "paddingHorizontal": 2,
            "textAlign": "center",
          }
        }
        testID="text"
      >
        Test Title
      </Text>
    </View>
    <Text
      style={
        Object {
          "fontSize": 16,
          "paddingHorizontal": 2,
          "textAlign": "center",
        }
      }
    >
      â†’
    </Text>
  </View>
</View>
`;
